#
# There is insufficient memory for the Java Runtime Environment to continue.
# Native memory allocation (mmap) failed to map 14680064 bytes for G1 virtual space
# Possible reasons:
#   The system is out of physical RAM or swap space
#   The process is running with CompressedOops enabled, and the Java Heap may be blocking the growth of the native heap
# Possible solutions:
#   Reduce memory load on the system
#   Increase physical memory or swap space
#   Check if swap backing store is full
#   Decrease Java heap size (-Xmx/-Xms)
#   Decrease number of Java threads
#   Decrease Java thread stack sizes (-Xss)
#   Set larger code cache with -XX:ReservedCodeCacheSize=
#   JVM is running with Unscaled Compressed Oops mode in which the Java heap is
#     placed in the first 4GB address space. The Java Heap base address is the
#     maximum limit for the native heap growth. Please use -XX:HeapBaseMinAddress
#     to set the Java Heap base and to place the Java Heap above 4GB virtual address.
# This output file may be truncated or incomplete.
#
#  Out of Memory Error (os_windows.cpp:3621), pid=7500, tid=24600
#
# JRE version: Java(TM) SE Runtime Environment (21.0.12+7) (build 21.0.12+7-LTS-205)
# Java VM: Java HotSpot(TM) 64-Bit Server VM (21.0.12+7-LTS-205, mixed mode, emulated-client, sharing, tiered, compressed oops, compressed class ptrs, g1 gc, windows-amd64)
# No core dump will be written. Minidumps are not enabled by default on client versions of Windows
#

---------------  S U M M A R Y ------------

Command Line: -Dspring.jmx.enabled=true -Dmanagement.endpoints.jmx.exposure.include=* -Dspring.application.admin.enabled=true -Dspring.output.ansi.enabled=always -XX:TieredStopAtLevel=1 -Dspring.boot.project.name=review-service -Dfile.encoding=UTF-8 -Dstdout.encoding=UTF-8 -Dstderr.encoding=UTF-8 -XX:+ShowCodeDetailsInExceptionMessages com.greencarwash.review.ReviewServiceApplication

Host: AMD Ryzen 3 7320U with Radeon Graphics         , 8 cores, 7G,  Windows 11 , 64 bit Build 26100 (10.0.26100.9444)
Time: Wed Sep 16 15:40:20 2026 India Standard Time elapsed time: 5.537497 seconds (0d 0h 0m 5s)

---------------  T H R E A D  ---------------

Current thread (0x0000014ef7024310):  VMThread "VM Thread"          [id=24600, stack(0x0000003850400000,0x0000003850500000) (1024K)]

Stack: [0x0000003850400000,0x0000003850500000]
Native frames: (J=compiled Java code, j=interpreted, Vv=VM code, C=native code)
V  [jvm.dll+0x6d1079]
V  [jvm.dll+0x860376]
V  [jvm.dll+0x86286e]
V  [jvm.dll+0x862f43]
V  [jvm.dll+0x282bd6]
V  [jvm.dll+0x6cd925]
V  [jvm.dll+0x6c241a]
V  [jvm.dll+0x35c038]
V  [jvm.dll+0x363d06]
V  [jvm.dll+0x3b4e1e]
V  [jvm.dll+0x3b50c8]
V  [jvm.dll+0x32faec]
V  [jvm.dll+0x32fb7a]
V  [jvm.dll+0x374052]
V  [jvm.dll+0x3727dd]
V  [jvm.dll+0x32f231]
V  [jvm.dll+0x371e3a]
V  [jvm.dll+0x868c3f]
V  [jvm.dll+0x869fcc]
V  [jvm.dll+0x86a501]
V  [jvm.dll+0x86a7a3]
V  [jvm.dll+0x80ad8d]
V  [jvm.dll+0x6cf91d]
C  [ucrtbase.dll+0x2cd30]
C  [KERNEL32.DLL+0x2cd87]
C  [ntdll.dll+0xacaec]

VM_Operation (0x000000384fdfd4e0): G1CollectForAllocation, mode: safepoint, requested by thread 0x0000014ee6c41090


---------------  P R O C E S S  ---------------

Threads class SMR info:
_java_thread_list=0x0000014efcffd370, length=16, elements={
0x0000014ee6c41090, 0x0000014ef7042590, 0x0000014ef7044010, 0x0000014ef704a430,
0x0000014ef704bab0, 0x0000014ef7053c60, 0x0000014ef7055840, 0x0000014ef705a7f0,
0x0000014ef72966c0, 0x0000014ef72eacd0, 0x0000014ef72f7360, 0x0000014ef7c88b00,
0x0000014ef7cbc120, 0x0000014efc5aa910, 0x0000014efc5bc080, 0x0000014efcd4e180
}

Java Threads: ( => current thread )
  0x0000014ee6c41090 JavaThread "main"                              [_thread_blocked, id=2132, stack(0x000000384fd00000,0x000000384fe00000) (1024K)]
  0x0000014ef7042590 JavaThread "Reference Handler"          daemon [_thread_blocked, id=22540, stack(0x0000003850500000,0x0000003850600000) (1024K)]
  0x0000014ef7044010 JavaThread "Finalizer"                  daemon [_thread_blocked, id=25344, stack(0x0000003850600000,0x0000003850700000) (1024K)]
  0x0000014ef704a430 JavaThread "Signal Dispatcher"          daemon [_thread_blocked, id=22832, stack(0x0000003850700000,0x0000003850800000) (1024K)]
  0x0000014ef704bab0 JavaThread "Attach Listener"            daemon [_thread_blocked, id=23560, stack(0x0000003850800000,0x0000003850900000) (1024K)]
  0x0000014ef7053c60 JavaThread "Service Thread"             daemon [_thread_blocked, id=3416, stack(0x0000003850900000,0x0000003850a00000) (1024K)]
  0x0000014ef7055840 JavaThread "Monitor Deflation Thread"   daemon [_thread_blocked, id=25072, stack(0x0000003850a00000,0x0000003850b00000) (1024K)]
  0x0000014ef705a7f0 JavaThread "C1 CompilerThread0"         daemon [_thread_blocked, id=22348, stack(0x0000003850b00000,0x0000003850c00000) (1024K)]
  0x0000014ef72966c0 JavaThread "C1 CompilerThread1"         daemon [_thread_blocked, id=16068, stack(0x0000003850c00000,0x0000003850d00000) (1024K)]
  0x0000014ef72eacd0 JavaThread "Notification Thread"        daemon [_thread_blocked, id=25440, stack(0x0000003850d00000,0x0000003850e00000) (1024K)]
  0x0000014ef72f7360 JavaThread "Common-Cleaner"             daemon [_thread_blocked, id=23380, stack(0x0000003850e00000,0x0000003850f00000) (1024K)]
  0x0000014ef7c88b00 JavaThread "RMI TCP Accept-0"           daemon [_thread_in_native, id=22920, stack(0x0000003851300000,0x0000003851400000) (1024K)]
  0x0000014ef7cbc120 JavaThread "RMI TCP Connection(1)-192.168.137.108" daemon [_thread_in_native, id=24280, stack(0x0000003851400000,0x0000003851500000) (1024K)]
  0x0000014efc5aa910 JavaThread "RMI Scheduler(0)"           daemon [_thread_blocked, id=24324, stack(0x0000003851500000,0x0000003851600000) (1024K)]
  0x0000014efc5bc080 JavaThread "JMX server connection timeout 29" daemon [_thread_blocked, id=22640, stack(0x0000003851600000,0x0000003851700000) (1024K)]
  0x0000014efcd4e180 JavaThread "C1 CompilerThread2"         daemon [_thread_blocked, id=24516, stack(0x0000003851c00000,0x0000003851d00000) (1024K)]
Total: 16

Other Threads:
=>0x0000014ef7024310 VMThread "VM Thread"                           [id=24600, stack(0x0000003850400000,0x0000003850500000) (1024K)]
  0x0000014ef7012440 WatcherThread "VM Periodic Task Thread"        [id=24104, stack(0x0000003850300000,0x0000003850400000) (1024K)]
  0x0000014ee6c91290 WorkerThread "GC Thread#0"                     [id=25524, stack(0x000000384fe00000,0x000000384ff00000) (1024K)]
  0x0000014ef7024a70 WorkerThread "GC Thread#1"                     [id=21368, stack(0x0000003850f00000,0x0000003851000000) (1024K)]
  0x0000014ef7025ce0 WorkerThread "GC Thread#2"                     [id=22556, stack(0x0000003851000000,0x0000003851100000) (1024K)]
  0x0000014ef70246c0 WorkerThread "GC Thread#3"                     [id=25480, stack(0x0000003851100000,0x0000003851200000) (1024K)]
  0x0000014ef7024e20 WorkerThread "GC Thread#4"                     [id=23004, stack(0x0000003851200000,0x0000003851300000) (1024K)]
  0x0000014ef70251d0 WorkerThread "GC Thread#5"                     [id=24664, stack(0x0000003851700000,0x0000003851800000) (1024K)]
  0x0000014ef7025580 WorkerThread "GC Thread#6"                     [id=24084, stack(0x0000003851800000,0x0000003851900000) (1024K)]
  0x0000014efc69dba0 WorkerThread "GC Thread#7"                     [id=23300, stack(0x0000003851900000,0x0000003851a00000) (1024K)]
  0x0000014ee6ca0750 ConcurrentGCThread "G1 Main Marker"            [id=25412, stack(0x000000384ff00000,0x0000003850000000) (1024K)]
  0x0000014ee6ca46a0 WorkerThread "G1 Conc#0"                       [id=25436, stack(0x0000003850000000,0x0000003850100000) (1024K)]
  0x0000014efc69f570 WorkerThread "G1 Conc#1"                       [id=5632, stack(0x0000003851d00000,0x0000003851e00000) (1024K)]
  0x0000014ef6ee3db0 ConcurrentGCThread "G1 Refine#0"               [id=5660, stack(0x0000003850100000,0x0000003850200000) (1024K)]
  0x0000014ef6ee5200 ConcurrentGCThread "G1 Service"                [id=21892, stack(0x0000003850200000,0x0000003850300000) (1024K)]
Total: 15

Threads with active compile tasks:
C1 CompilerThread2     5586 4023   !   1       org.springframework.beans.factory.support.AbstractAutowireCapableBeanFactory::getTypeForFactoryBean (388 bytes)
Total: 1

VM state: at safepoint (normal execution)

VM Mutex/Monitor currently owned by a thread:  ([mutex/lock_event])
[0x00007ff92244af50] Threads_lock - owner thread: 0x0000014ef7024310
[0x00007ff92244b050] Heap_lock - owner thread: 0x0000014ee6c41090

Heap address: 0x000000008ca00000, size: 1846 MB, Compressed Oops mode: 32-bit

CDS archive(s) mapped at: [0x0000014e80000000-0x0000014e80c90000-0x0000014e80c90000), size 13172736, SharedBaseAddress: 0x0000014e80000000, ArchiveRelocationMode: 1.
Compressed class space mapped at: 0x0000014e81000000-0x0000014ec1000000, reserved size: 1073741824
Narrow klass base: 0x0000014e80000000, Narrow klass shift: 0, Narrow klass range: 0x100000000

GC Precious Log:
 CardTable entry size: 512
 Card Set container configuration: InlinePtr #cards 5 size 8 Array Of Cards #cards 12 size 40 Howl #buckets 4 coarsen threshold 1843 Howl Bitmap #cards 512 size 80 coarsen threshold 460 Card regions per heap region 1 cards per card region 2048
 CPUs: 8 total, 8 available
 Memory: 7379M
 Large Page Support: Disabled
 NUMA Support: Disabled
 Compressed Oops: Enabled (32-bit)
 Heap Region Size: 1M
 Heap Min Capacity: 8M
 Heap Initial Capacity: 116M
 Heap Max Capacity: 1846M
 Pre-touch: Disabled
 Parallel Workers: 8
 Concurrent Workers: 2
 Concurrent Refinement Workers: 8
 Periodic GC: Disabled

Heap:
 garbage-first heap   total 81920K, used 27648K [0x000000008ca00000, 0x0000000100000000)
  region size 1024K, 3 young (3072K), 3 survivors (3072K)
 Metaspace       used 29990K, committed 30464K, reserved 1114112K
  class space    used 4003K, committed 4224K, reserved 1048576K

Heap Regions: E=young(eden), S=young(survivor), O=old, HS=humongous(starts), HC=humongous(continues), CS=collection set, F=free, TAMS=top-at-mark-start, PB=parsable bottom
|   0|0x000000008ca00000, 0x000000008cb00000, 0x000000008cb00000|100%|HS|  |TAMS 0x000000008ca00000| PB 0x000000008ca00000| Complete 
|   1|0x000000008cb00000, 0x000000008cc00000, 0x000000008cc00000|100%|HS|  |TAMS 0x000000008cb00000| PB 0x000000008cb00000| Complete 
|   2|0x000000008cc00000, 0x000000008cd00000, 0x000000008cd00000|100%| O|  |TAMS 0x000000008cc00000| PB 0x000000008cc00000| Untracked 
|   3|0x000000008cd00000, 0x000000008ce00000, 0x000000008ce00000|100%|HS|  |TAMS 0x000000008cd00000| PB 0x000000008cd00000| Complete 
|   4|0x000000008ce00000, 0x000000008cf00000, 0x000000008cf00000|100%| O|  |TAMS 0x000000008ce00000| PB 0x000000008ce00000| Untracked 
|   5|0x000000008cf00000, 0x000000008d000000, 0x000000008d000000|100%| O|  |TAMS 0x000000008cf00000| PB 0x000000008cf00000| Untracked 
|   6|0x000000008d000000, 0x000000008d100000, 0x000000008d100000|100%| O|  |TAMS 0x000000008d000000| PB 0x000000008d000000| Untracked 
|   7|0x000000008d100000, 0x000000008d200000, 0x000000008d200000|100%| O|  |TAMS 0x000000008d100000| PB 0x000000008d100000| Untracked 
|   8|0x000000008d200000, 0x000000008d300000, 0x000000008d300000|100%| O|  |TAMS 0x000000008d200000| PB 0x000000008d200000| Untracked 
|   9|0x000000008d300000, 0x000000008d400000, 0x000000008d400000|100%| O|  |TAMS 0x000000008d300000| PB 0x000000008d300000| Untracked 
|  10|0x000000008d400000, 0x000000008d500000, 0x000000008d500000|100%| O|  |TAMS 0x000000008d400000| PB 0x000000008d400000| Untracked 
|  11|0x000000008d500000, 0x000000008d600000, 0x000000008d600000|100%| O|  |TAMS 0x000000008d500000| PB 0x000000008d500000| Untracked 
|  12|0x000000008d600000, 0x000000008d700000, 0x000000008d700000|100%| O|  |TAMS 0x000000008d600000| PB 0x000000008d600000| Untracked 
|  13|0x000000008d700000, 0x000000008d800000, 0x000000008d800000|100%| O|  |TAMS 0x000000008d700000| PB 0x000000008d700000| Untracked 
|  14|0x000000008d800000, 0x000000008d800000, 0x000000008d900000|  0%| F|  |TAMS 0x000000008d800000| PB 0x000000008d800000| Untracked 
|  15|0x000000008d900000, 0x000000008da00000, 0x000000008da00000|100%| O|  |TAMS 0x000000008d900000| PB 0x000000008d900000| Untracked 
|  16|0x000000008da00000, 0x000000008db00000, 0x000000008db00000|100%| O|  |TAMS 0x000000008da00000| PB 0x000000008da00000| Untracked 
|  17|0x000000008db00000, 0x000000008dc00000, 0x000000008dc00000|100%| O|  |TAMS 0x000000008db00000| PB 0x000000008db00000| Untracked 
|  18|0x000000008dc00000, 0x000000008dd00000, 0x000000008dd00000|100%| O|  |TAMS 0x000000008dc00000| PB 0x000000008dc00000| Untracked 
|  19|0x000000008dd00000, 0x000000008de00000, 0x000000008de00000|100%| O|  |TAMS 0x000000008dd00000| PB 0x000000008dd00000| Untracked 
|  20|0x000000008de00000, 0x000000008df00000, 0x000000008df00000|100%| O|  |TAMS 0x000000008de00000| PB 0x000000008de00000| Untracked 
|  21|0x000000008df00000, 0x000000008e000000, 0x000000008e000000|100%| O|  |TAMS 0x000000008df00000| PB 0x000000008df00000| Untracked 
|  22|0x000000008e000000, 0x000000008e100000, 0x000000008e100000|100%| O|  |TAMS 0x000000008e000000| PB 0x000000008e000000| Untracked 
|  23|0x000000008e100000, 0x000000008e200000, 0x000000008e200000|100%| O|  |TAMS 0x000000008e100000| PB 0x000000008e100000| Untracked 
|  24|0x000000008e200000, 0x000000008e300000, 0x000000008e300000|100%| O|  |TAMS 0x000000008e200000| PB 0x000000008e200000| Untracked 
|  25|0x000000008e300000, 0x000000008e300000, 0x000000008e400000|  0%| F|  |TAMS 0x000000008e300000| PB 0x000000008e300000| Untracked 
|  26|0x000000008e400000, 0x000000008e400000, 0x000000008e500000|  0%| F|  |TAMS 0x000000008e400000| PB 0x000000008e400000| Untracked 
|  27|0x000000008e500000, 0x000000008e500000, 0x000000008e600000|  0%| F|  |TAMS 0x000000008e500000| PB 0x000000008e500000| Untracked 
|  28|0x000000008e600000, 0x000000008e600000, 0x000000008e700000|  0%| F|  |TAMS 0x000000008e600000| PB 0x000000008e600000| Untracked 
|  29|0x000000008e700000, 0x000000008e700000, 0x000000008e800000|  0%| F|  |TAMS 0x000000008e700000| PB 0x000000008e700000| Untracked 
|  30|0x000000008e800000, 0x000000008e800000, 0x000000008e900000|  0%| F|  |TAMS 0x000000008e800000| PB 0x000000008e800000| Untracked 
|  31|0x000000008e900000, 0x000000008e900000, 0x000000008ea00000|  0%| F|  |TAMS 0x000000008e900000| PB 0x000000008e900000| Untracked 
|  32|0x000000008ea00000, 0x000000008ea00000, 0x000000008eb00000|  0%| F|  |TAMS 0x000000008ea00000| PB 0x000000008ea00000| Untracked 
|  33|0x000000008eb00000, 0x000000008eb00000, 0x000000008ec00000|  0%| F|  |TAMS 0x000000008eb00000| PB 0x000000008eb00000| Untracked 
|  34|0x000000008ec00000, 0x000000008ec00000, 0x000000008ed00000|  0%| F|  |TAMS 0x000000008ec00000| PB 0x000000008ec00000| Untracked 
|  35|0x000000008ed00000, 0x000000008ed00000, 0x000000008ee00000|  0%| F|  |TAMS 0x000000008ed00000| PB 0x000000008ed00000| Untracked 
|  36|0x000000008ee00000, 0x000000008ee00000, 0x000000008ef00000|  0%| F|  |TAMS 0x000000008ee00000| PB 0x000000008ee00000| Untracked 
|  37|0x000000008ef00000, 0x000000008ef00000, 0x000000008f000000|  0%| F|  |TAMS 0x000000008ef00000| PB 0x000000008ef00000| Untracked 
|  38|0x000000008f000000, 0x000000008f000000, 0x000000008f100000|  0%| F|  |TAMS 0x000000008f000000| PB 0x000000008f000000| Untracked 
|  39|0x000000008f100000, 0x000000008f100000, 0x000000008f200000|  0%| F|  |TAMS 0x000000008f100000| PB 0x000000008f100000| Untracked 
|  40|0x000000008f200000, 0x000000008f300000, 0x000000008f300000|100%| S|CS|TAMS 0x000000008f200000| PB 0x000000008f200000| Complete 
|  41|0x000000008f300000, 0x000000008f400000, 0x000000008f400000|100%| S|CS|TAMS 0x000000008f300000| PB 0x000000008f300000| Complete 
|  42|0x000000008f400000, 0x000000008f500000, 0x000000008f500000|100%| S|CS|TAMS 0x000000008f400000| PB 0x000000008f400000| Complete 
|  43|0x000000008f500000, 0x000000008f500000, 0x000000008f600000|  0%| F|  |TAMS 0x000000008f500000| PB 0x000000008f500000| Untracked 
|  44|0x000000008f600000, 0x000000008f600000, 0x000000008f700000|  0%| F|  |TAMS 0x000000008f600000| PB 0x000000008f600000| Untracked 
|  45|0x000000008f700000, 0x000000008f700000, 0x000000008f800000|  0%| F|  |TAMS 0x000000008f700000| PB 0x000000008f700000| Untracked 
|  46|0x000000008f800000, 0x000000008f800000, 0x000000008f900000|  0%| F|  |TAMS 0x000000008f800000| PB 0x000000008f800000| Untracked 
|  47|0x000000008f900000, 0x000000008f900000, 0x000000008fa00000|  0%| F|  |TAMS 0x000000008f900000| PB 0x000000008f900000| Untracked 
|  48|0x000000008fa00000, 0x000000008fa00000, 0x000000008fb00000|  0%| F|  |TAMS 0x000000008fa00000| PB 0x000000008fa00000| Untracked 
|  49|0x000000008fb00000, 0x000000008fb00000, 0x000000008fc00000|  0%| F|  |TAMS 0x000000008fb00000| PB 0x000000008fb00000| Untracked 
|  50|0x000000008fc00000, 0x000000008fc00000, 0x000000008fd00000|  0%| F|  |TAMS 0x000000008fc00000| PB 0x000000008fc00000| Untracked 
|  51|0x000000008fd00000, 0x000000008fd00000, 0x000000008fe00000|  0%| F|  |TAMS 0x000000008fd00000| PB 0x000000008fd00000| Untracked 
|  52|0x000000008fe00000, 0x000000008fe00000, 0x000000008ff00000|  0%| F|  |TAMS 0x000000008fe00000| PB 0x000000008fe00000| Untracked 
|  53|0x000000008ff00000, 0x000000008ff00000, 0x0000000090000000|  0%| F|  |TAMS 0x000000008ff00000| PB 0x000000008ff00000| Untracked 
|  54|0x0000000090000000, 0x0000000090000000, 0x0000000090100000|  0%| F|  |TAMS 0x0000000090000000| PB 0x0000000090000000| Untracked 
|  55|0x0000000090100000, 0x0000000090100000, 0x0000000090200000|  0%| F|  |TAMS 0x0000000090100000| PB 0x0000000090100000| Untracked 
|  56|0x0000000090200000, 0x0000000090200000, 0x0000000090300000|  0%| F|  |TAMS 0x0000000090200000| PB 0x0000000090200000| Untracked 
|  57|0x0000000090300000, 0x0000000090300000, 0x0000000090400000|  0%| F|  |TAMS 0x0000000090300000| PB 0x0000000090300000| Untracked 
|  58|0x0000000090400000, 0x0000000090400000, 0x0000000090500000|  0%| F|  |TAMS 0x0000000090400000| PB 0x0000000090400000| Untracked 
|  59|0x0000000090500000, 0x0000000090500000, 0x0000000090600000|  0%| F|  |TAMS 0x0000000090500000| PB 0x0000000090500000| Untracked 
|  60|0x0000000090600000, 0x0000000090600000, 0x0000000090700000|  0%| F|  |TAMS 0x0000000090600000| PB 0x0000000090600000| Untracked 
|  61|0x0000000090700000, 0x0000000090700000, 0x0000000090800000|  0%| F|  |TAMS 0x0000000090700000| PB 0x0000000090700000| Untracked 
|  62|0x0000000090800000, 0x0000000090800000, 0x0000000090900000|  0%| F|  |TAMS 0x0000000090800000| PB 0x0000000090800000| Untracked 
|  63|0x0000000090900000, 0x0000000090900000, 0x0000000090a00000|  0%| F|  |TAMS 0x0000000090900000| PB 0x0000000090900000| Untracked 
|  64|0x0000000090a00000, 0x0000000090a00000, 0x0000000090b00000|  0%| F|  |TAMS 0x0000000090a00000| PB 0x0000000090a00000| Untracked 
|  65|0x0000000090b00000, 0x0000000090b00000, 0x0000000090c00000|  0%| F|  |TAMS 0x0000000090b00000| PB 0x0000000090b00000| Untracked 
|  66|0x0000000090c00000, 0x0000000090c00000, 0x0000000090d00000|  0%| F|  |TAMS 0x0000000090c00000| PB 0x0000000090c00000| Untracked 
|  67|0x0000000090d00000, 0x0000000090d00000, 0x0000000090e00000|  0%| F|  |TAMS 0x0000000090d00000| PB 0x0000000090d00000| Untracked 
|  68|0x0000000090e00000, 0x0000000090e00000, 0x0000000090f00000|  0%| F|  |TAMS 0x0000000090e00000| PB 0x0000000090e00000| Untracked 
|  69|0x0000000090f00000, 0x0000000090f00000, 0x0000000091000000|  0%| F|  |TAMS 0x0000000090f00000| PB 0x0000000090f00000| Untracked 
|  70|0x0000000091000000, 0x0000000091000000, 0x0000000091100000|  0%| F|  |TAMS 0x0000000091000000| PB 0x0000000091000000| Untracked 
|  71|0x0000000091100000, 0x0000000091100000, 0x0000000091200000|  0%| F|  |TAMS 0x0000000091100000| PB 0x0000000091100000| Untracked 
|  72|0x0000000091200000, 0x0000000091200000, 0x0000000091300000|  0%| F|  |TAMS 0x0000000091200000| PB 0x0000000091200000| Untracked 
|  87|0x0000000092100000, 0x0000000092100000, 0x0000000092200000|  0%| F|  |TAMS 0x0000000092100000| PB 0x0000000092100000| Untracked 
|  88|0x0000000092200000, 0x0000000092200000, 0x0000000092300000|  0%| F|  |TAMS 0x0000000092200000| PB 0x0000000092200000| Untracked 
|  89|0x0000000092300000, 0x0000000092300000, 0x0000000092400000|  0%| F|  |TAMS 0x0000000092300000| PB 0x0000000092300000| Untracked 
|  90|0x0000000092400000, 0x0000000092400000, 0x0000000092500000|  0%| F|  |TAMS 0x0000000092400000| PB 0x0000000092400000| Untracked 
|  91|0x0000000092500000, 0x0000000092500000, 0x0000000092600000|  0%| F|  |TAMS 0x0000000092500000| PB 0x0000000092500000| Untracked 
|  92|0x0000000092600000, 0x0000000092600000, 0x0000000092700000|  0%| F|  |TAMS 0x0000000092600000| PB 0x0000000092600000| Untracked 
| 115|0x0000000093d00000, 0x0000000093d00000, 0x0000000093e00000|  0%| F|  |TAMS 0x0000000093d00000| PB 0x0000000093d00000| Untracked 

Card table byte_map: [0x0000014ef2590000,0x0000014ef2930000] _byte_map_base: 0x0000014ef212b000

Marking Bits: (CMBitMap*) 0x0000014ee6c917b0
 Bits: [0x0000014ef2930000, 0x0000014ef4608000)

Polling page: 0x0000014ee4bb0000

Metaspace:

Usage:
  Non-class:     25.38 MB used.
      Class:      3.91 MB used.
       Both:     29.29 MB used.

Virtual space:
  Non-class space:       64.00 MB reserved,      25.62 MB ( 40%) committed,  1 nodes.
      Class space:        1.00 GB reserved,       4.12 MB ( <1%) committed,  1 nodes.
             Both:        1.06 GB reserved,      29.75 MB (  3%) committed. 

Chunk freelists:
   Non-Class:  5.70 MB
       Class:  11.91 MB
        Both:  17.61 MB

MaxMetaspaceSize: unlimited
CompressedClassSpaceSize: 1.00 GB
Initial GC threshold: 21.00 MB
Current GC threshold: 35.56 MB
CDS: on
 - commit_granule_bytes: 65536.
 - commit_granule_words: 8192.
 - virtual_space_node_default_size: 8388608.
 - enlarge_chunks_in_place: 1.
 - use_allocation_guard: 0.


Internal statistics:

num_allocs_failed_limit: 3.
num_arena_births: 568.
num_arena_deaths: 2.
num_vsnodes_births: 2.
num_vsnodes_deaths: 0.
num_space_committed: 476.
num_space_uncommitted: 0.
num_chunks_returned_to_freelist: 6.
num_chunks_taken_from_freelist: 1565.
num_chunk_merges: 3.
num_chunk_splits: 1051.
num_chunks_enlarged: 733.
num_inconsistent_stats: 0.

CodeCache: size=49152Kb used=8767Kb max_used=8767Kb free=40384Kb
 bounds [0x0000014eef0e0000, 0x0000014eef970000, 0x0000014ef20e0000]
 total_blobs=4571 nmethods=4023 adapters=469
 compilation: enabled
              stopped_count=0, restarted_count=0
 full_count=0

Compilation events (20 events):
Event: 5.414 Thread 0x0000014efcd4e180 nmethod 4012 0x0000014eef96c890 code [0x0000014eef96ca20, 0x0000014eef96cae8]
Event: 5.414 Thread 0x0000014efcd4e180 4013       1       org.springframework.beans.factory.config.BeanDefinitionHolder::getBeanName (5 bytes)
Event: 5.414 Thread 0x0000014efcd4e180 nmethod 4013 0x0000014eef96cb90 code [0x0000014eef96cd20, 0x0000014eef96cde8]
Event: 5.418 Thread 0x0000014efcd4e180 4014       1       org.springframework.core.annotation.TypeMappedAnnotation::getClassLoader (70 bytes)
Event: 5.419 Thread 0x0000014efcd4e180 nmethod 4014 0x0000014eef96ce90 code [0x0000014eef96d060, 0x0000014eef96d340]
Event: 5.424 Thread 0x0000014efcd4e180 4017       1       java.io.ObjectStreamClass::hasWriteObjectMethod (17 bytes)
Event: 5.425 Thread 0x0000014efcd4e180 nmethod 4017 0x0000014eef96dc90 code [0x0000014eef96de40, 0x0000014eef96dfe0]
Event: 5.431 Thread 0x0000014ef72966c0 4018       1       org.springframework.context.annotation.ScopeMetadata::getScopeName (5 bytes)
Event: 5.431 Thread 0x0000014ef705a7f0 4019       1       org.springframework.context.annotation.ScopeMetadata::getScopedProxyMode (5 bytes)
Event: 5.431 Thread 0x0000014ef72966c0 nmethod 4018 0x0000014eef96e090 code [0x0000014eef96e220, 0x0000014eef96e2e8]
Event: 5.431 Thread 0x0000014ef705a7f0 nmethod 4019 0x0000014eef96e390 code [0x0000014eef96e520, 0x0000014eef96e5e8]
Event: 5.431 Thread 0x0000014ef705a7f0 4020       1       java.util.Formatter$Flags::contains (13 bytes)
Event: 5.431 Thread 0x0000014ef705a7f0 nmethod 4020 0x0000014eef96e690 code [0x0000014eef96e820, 0x0000014eef96e8d8]
Event: 5.437 Thread 0x0000014ef705a7f0 4021   !   1       jdk.proxy2.$Proxy36::annotationType (29 bytes)
Event: 5.438 Thread 0x0000014ef705a7f0 nmethod 4021 0x0000014eef96e990 code [0x0000014eef96eb60, 0x0000014eef96ed90]
Event: 5.442 Thread 0x0000014efcd4e180 4022       1       org.springframework.boot.autoconfigure.condition.OnClassCondition::<init> (5 bytes)
Event: 5.442 Thread 0x0000014efcd4e180 nmethod 4022 0x0000014eef96ef10 code [0x0000014eef96f0e0, 0x0000014eef96f308]
Event: 5.454 Thread 0x0000014efcd4e180 4023   !   1       org.springframework.beans.factory.support.AbstractAutowireCapableBeanFactory::getTypeForFactoryBean (388 bytes)
Event: 5.454 Thread 0x0000014ef72966c0 4024       1       org.springframework.beans.factory.support.FactoryBeanRegistrySupport::getTypeForFactoryBeanFromAttributes (68 bytes)
Event: 5.455 Thread 0x0000014ef72966c0 nmethod 4024 0x0000014eef96f490 code [0x0000014eef96f6a0, 0x0000014eef96fb98]

GC Heap History (11 events):
Event: 0.915 GC heap before
{Heap before GC invocations=0 (full 0):
 garbage-first heap   total 118784K, used 27648K [0x000000008ca00000, 0x0000000100000000)
  region size 1024K, 23 young (23552K), 0 survivors (0K)
 Metaspace       used 4561K, committed 4736K, reserved 1114112K
  class space    used 542K, committed 640K, reserved 1048576K
}
Event: 0.927 GC heap after
{Heap after GC invocations=1 (full 0):
 garbage-first heap   total 118784K, used 13696K [0x000000008ca00000, 0x0000000100000000)
  region size 1024K, 3 young (3072K), 3 survivors (3072K)
 Metaspace       used 4561K, committed 4736K, reserved 1114112K
  class space    used 542K, committed 640K, reserved 1048576K
}
Event: 1.555 GC heap before
{Heap before GC invocations=1 (full 0):
 garbage-first heap   total 118784K, used 38272K [0x000000008ca00000, 0x0000000100000000)
  region size 1024K, 24 young (24576K), 3 survivors (3072K)
 Metaspace       used 10015K, committed 10304K, reserved 1114112K
  class space    used 1201K, committed 1344K, reserved 1048576K
}
Event: 1.570 GC heap after
{Heap after GC invocations=2 (full 0):
 garbage-first heap   total 118784K, used 18801K [0x000000008ca00000, 0x0000000100000000)
  region size 1024K, 3 young (3072K), 3 survivors (3072K)
 Metaspace       used 10015K, committed 10304K, reserved 1114112K
  class space    used 1201K, committed 1344K, reserved 1048576K
}
Event: 2.768 GC heap before
{Heap before GC invocations=2 (full 0):
 garbage-first heap   total 118784K, used 51569K [0x000000008ca00000, 0x0000000100000000)
  region size 1024K, 35 young (35840K), 3 survivors (3072K)
 Metaspace       used 16875K, committed 17216K, reserved 1114112K
  class space    used 2330K, committed 2496K, reserved 1048576K
}
Event: 2.776 GC heap after
{Heap after GC invocations=3 (full 0):
 garbage-first heap   total 118784K, used 21678K [0x000000008ca00000, 0x0000000100000000)
  region size 1024K, 3 young (3072K), 3 survivors (3072K)
 Metaspace       used 16875K, committed 17216K, reserved 1114112K
  class space    used 2330K, committed 2496K, reserved 1048576K
}
Event: 3.198 GC heap before
{Heap before GC invocations=3 (full 0):
 garbage-first heap   total 118784K, used 43182K [0x000000008ca00000, 0x0000000100000000)
  region size 1024K, 26 young (26624K), 3 survivors (3072K)
 Metaspace       used 21150K, committed 21504K, reserved 1114112K
  class space    used 2823K, committed 3008K, reserved 1048576K
}
Event: 3.207 GC heap after
{Heap after GC invocations=4 (full 0):
 garbage-first heap   total 118784K, used 24249K [0x000000008ca00000, 0x0000000100000000)
  region size 1024K, 6 young (6144K), 6 survivors (6144K)
 Metaspace       used 21150K, committed 21504K, reserved 1114112K
  class space    used 2823K, committed 3008K, reserved 1048576K
}
Event: 4.231 GC heap before
{Heap before GC invocations=5 (full 0):
 garbage-first heap   total 81920K, used 65209K [0x000000008ca00000, 0x0000000100000000)
  region size 1024K, 48 young (49152K), 6 survivors (6144K)
 Metaspace       used 26770K, committed 27200K, reserved 1114112K
  class space    used 3561K, committed 3712K, reserved 1048576K
}
Event: 4.243 GC heap after
{Heap after GC invocations=6 (full 0):
 garbage-first heap   total 81920K, used 25580K [0x000000008ca00000, 0x0000000100000000)
  region size 1024K, 6 young (6144K), 6 survivors (6144K)
 Metaspace       used 26770K, committed 27200K, reserved 1114112K
  class space    used 3561K, committed 3712K, reserved 1048576K
}
Event: 5.456 GC heap before
{Heap before GC invocations=6 (full 0):
 garbage-first heap   total 81920K, used 63468K [0x000000008ca00000, 0x0000000100000000)
  region size 1024K, 43 young (44032K), 6 survivors (6144K)
 Metaspace       used 29990K, committed 30464K, reserved 1114112K
  class space    used 4003K, committed 4224K, reserved 1048576K
}

Dll operation events (9 events):
Event: 0.018 Loaded shared library C:\Program Files\Java\jdk-21.0.12\bin\java.dll
Event: 0.314 Loaded shared library C:\Program Files\Java\jdk-21.0.12\bin\net.dll
Event: 0.318 Loaded shared library C:\Program Files\Java\jdk-21.0.12\bin\nio.dll
Event: 0.325 Loaded shared library C:\Program Files\Java\jdk-21.0.12\bin\zip.dll
Event: 0.558 Loaded shared library C:\Program Files\Java\jdk-21.0.12\bin\jimage.dll
Event: 0.633 Loaded shared library C:\Program Files\Java\jdk-21.0.12\bin\management.dll
Event: 0.678 Loaded shared library C:\Program Files\Java\jdk-21.0.12\bin\management_ext.dll
Event: 1.114 Loaded shared library C:\Program Files\Java\jdk-21.0.12\bin\extnet.dll
Event: 3.683 Loaded shared library C:\Program Files\Java\jdk-21.0.12\bin\sunmscapi.dll

Deoptimization events (0 events):
No events

Classes loaded (20 events):
Event: 3.716 Loading class javax/security/auth/callback/CallbackHandler
Event: 3.716 Loading class javax/security/auth/callback/CallbackHandler done
Event: 3.726 Loading class sun/security/provider/certpath/ldap/JdkLDAP
Event: 3.726 Loading class sun/security/provider/certpath/ldap/JdkLDAP done
Event: 3.727 Loading class sun/security/provider/certpath/ldap/JdkLDAP$ProviderService
Event: 3.728 Loading class sun/security/provider/certpath/ldap/JdkLDAP$ProviderService done
Event: 3.728 Loading class com/sun/security/sasl/Provider
Event: 3.728 Loading class com/sun/security/sasl/Provider done
Event: 3.729 Loading class com/sun/security/sasl/Provider$1
Event: 3.729 Loading class com/sun/security/sasl/Provider$1 done
Event: 3.729 Loading class com/sun/security/sasl/Provider$ProviderService
Event: 3.729 Loading class com/sun/security/sasl/Provider$ProviderService done
Event: 4.019 Loading class java/security/AccessControlException
Event: 4.019 Loading class java/security/AccessControlException done
Event: 4.029 Loading class java/beans/PropertyVetoException
Event: 4.030 Loading class java/beans/PropertyVetoException done
Event: 5.088 Loading class java/lang/UnsupportedClassVersionError
Event: 5.088 Loading class java/lang/ClassFormatError
Event: 5.088 Loading class java/lang/ClassFormatError done
Event: 5.088 Loading class java/lang/UnsupportedClassVersionError done

Classes unloaded (1 events):
Event: 3.224 Thread 0x0000014ef7024310 Unloading class 0x0000014e81008800 'java/lang/invoke/LambdaForm$MH+0x0000014e81008800'

Classes redefined (0 events):
No events

Internal exceptions (20 events):
Event: 2.088 Thread 0x0000014ee6c41090 Exception <a 'java/lang/NoSuchMethodError'{0x00000000933c8a90}: 'java.lang.Object java.lang.invoke.DirectMethodHandle$Holder.invokeSpecial(java.lang.Object, java.lang.Object, java.lang.Object, int, java.lang.Object)'> (0x00000000933c8a90) 
thrown [s\open\src\hotspot\share\interpreter\linkResolver.cpp, line 773]
Event: 2.089 Thread 0x0000014ee6c41090 Exception <a 'java/lang/NoSuchMethodError'{0x00000000933d02a8}: 'java.lang.Object java.lang.invoke.DirectMethodHandle$Holder.newInvokeSpecial(java.lang.Object, java.lang.Object, java.lang.Object, int, java.lang.Object)'> (0x00000000933d02a8) 
thrown [s\open\src\hotspot\share\interpreter\linkResolver.cpp, line 773]
Event: 2.089 Thread 0x0000014ee6c41090 Exception <a 'java/lang/NoSuchMethodError'{0x00000000933d7740}: 'java.lang.Object java.lang.invoke.Invokers$Holder.linkToTargetMethod(java.lang.Object, java.lang.Object, int, java.lang.Object, java.lang.Object)'> (0x00000000933d7740) 
thrown [s\open\src\hotspot\share\interpreter\linkResolver.cpp, line 773]
Event: 2.091 Thread 0x0000014ee6c41090 Exception <a 'java/lang/NoSuchMethodError'{0x00000000933e5ce0}: 'java.lang.Object java.lang.invoke.DirectMethodHandle$Holder.newInvokeSpecial(java.lang.Object, int, java.lang.Object)'> (0x00000000933e5ce0) 
thrown [s\open\src\hotspot\share\interpreter\linkResolver.cpp, line 773]
Event: 2.091 Thread 0x0000014ee6c41090 Exception <a 'java/lang/NoSuchMethodError'{0x00000000933e99f0}: 'int java.lang.invoke.DirectMethodHandle$Holder.invokeSpecialIFC(java.lang.Object, java.lang.Object, java.lang.Object, java.lang.Object)'> (0x00000000933e99f0) 
thrown [s\open\src\hotspot\share\interpreter\linkResolver.cpp, line 773]
Event: 2.116 Thread 0x0000014ee6c41090 Exception <a 'java/lang/NoSuchMethodError'{0x0000000093286888}: 'void java.lang.invoke.DirectMethodHandle$Holder.invokeInterface(java.lang.Object, java.lang.Object, java.lang.Object)'> (0x0000000093286888) 
thrown [s\open\src\hotspot\share\interpreter\linkResolver.cpp, line 773]
Event: 2.143 Thread 0x0000014ee6c41090 Exception <a 'java/lang/NoSuchMethodError'{0x00000000931181c0}: 'java.lang.Object java.lang.invoke.Invokers$Holder.invoke_MT(java.lang.Object, java.lang.Object, java.lang.Object, java.lang.Object, java.lang.Object, java.lang.Object, java.lang.Object, java.lang.Object, java.lang.Object)'> (0x00000000931181c0) 
thrown [s\open\src\hotspot\share\interpreter\linkResolver.cpp, line 773]
Event: 2.147 Thread 0x0000014ee6c41090 Exception <a 'java/lang/NoSuchMethodError'{0x0000000093144fe0}: 'java.lang.reflect.Field[] java.lang.Class.getDeclaredFields(java.lang.Class)'> (0x0000000093144fe0) 
thrown [s\open\src\hotspot\share\interpreter\linkResolver.cpp, line 773]
Event: 2.205 Thread 0x0000014ee6c41090 Exception <a 'java/lang/NoSuchMethodError'{0x00000000931f4478}: 'java.lang.Object java.lang.invoke.DirectMethodHandle$Holder.invokeVirtual(java.lang.Object, java.lang.Object, java.lang.Object)'> (0x00000000931f4478) 
thrown [s\open\src\hotspot\share\interpreter\linkResolver.cpp, line 773]
Event: 2.216 Thread 0x0000014ee6c41090 Exception <a 'java/lang/NoSuchMethodError'{0x000000009300f0e8}: 'void java.lang.invoke.DirectMethodHandle$Holder.invokeStatic(java.lang.Object, java.lang.Object, int)'> (0x000000009300f0e8) 
thrown [s\open\src\hotspot\share\interpreter\linkResolver.cpp, line 773]
Event: 2.223 Thread 0x0000014ee6c41090 Exception <a 'java/lang/NoSuchMethodError'{0x000000009301e3b0}: 'void java.lang.invoke.DirectMethodHandle$Holder.invokeStaticInit(java.lang.Object, java.lang.Object, java.lang.Object)'> (0x000000009301e3b0) 
thrown [s\open\src\hotspot\share\interpreter\linkResolver.cpp, line 773]
Event: 2.263 Thread 0x0000014ee6c41090 Exception <a 'java/lang/NoSuchMethodError'{0x0000000092f0b620}: 'void java.lang.invoke.DirectMethodHandle$Holder.invokeVirtual(java.lang.Object, java.lang.Object, java.lang.Object, java.lang.Object)'> (0x0000000092f0b620) 
thrown [s\open\src\hotspot\share\interpreter\linkResolver.cpp, line 773]
Event: 2.385 Thread 0x0000014ee6c41090 Exception <a 'java/lang/IncompatibleClassChangeError'{0x0000000092d53830}: Found class java.lang.Object, but interface was expected> (0x0000000092d53830) 
thrown [s\open\src\hotspot\share\interpreter\linkResolver.cpp, line 840]
Event: 2.851 Thread 0x0000014ee6c41090 Exception <a 'java/lang/NoSuchMethodError'{0x0000000093ab8ee0}: 'int java.lang.invoke.DirectMethodHandle$Holder.invokeSpecial(java.lang.Object, java.lang.Object, java.lang.Object, java.lang.Object, java.lang.Object)'> (0x0000000093ab8ee0) 
thrown [s\open\src\hotspot\share\interpreter\linkResolver.cpp, line 773]
Event: 3.364 Thread 0x0000014ee6c41090 Exception <a 'java/lang/IncompatibleClassChangeError'{0x000000009097cc20}: Found class java.lang.Object, but interface was expected> (0x000000009097cc20) 
thrown [s\open\src\hotspot\share\interpreter\linkResolver.cpp, line 840]
Event: 3.574 Thread 0x0000014efc828af0 Exception <a 'java/lang/NoSuchMethodError'{0x000000008fd39898}: 'long java.lang.invoke.DirectMethodHandle$Holder.invokeStatic(java.lang.Object, java.lang.Object)'> (0x000000008fd39898) 
thrown [s\open\src\hotspot\share\interpreter\linkResolver.cpp, line 773]
Event: 3.575 Thread 0x0000014efc828af0 Exception <a 'java/lang/NoSuchMethodError'{0x000000008fd3c960}: 'long java.lang.invoke.DirectMethodHandle$Holder.invokeStaticInit(java.lang.Object, java.lang.Object)'> (0x000000008fd3c960) 
thrown [s\open\src\hotspot\share\interpreter\linkResolver.cpp, line 773]
Event: 3.579 Thread 0x0000014efc828af0 Exception <a 'java/lang/NoSuchMethodError'{0x000000008fdc8788}: 'long java.lang.invoke.DirectMethodHandle$Holder.invokeInterface(java.lang.Object, java.lang.Object)'> (0x000000008fdc8788) 
thrown [s\open\src\hotspot\share\interpreter\linkResolver.cpp, line 773]
Event: 3.579 Thread 0x0000014efc828af0 Exception <a 'java/lang/IncompatibleClassChangeError'{0x000000008fdcb798}: Found class java.lang.Object, but interface was expected> (0x000000008fdcb798) 
thrown [s\open\src\hotspot\share\interpreter\linkResolver.cpp, line 840]
Event: 3.585 Thread 0x0000014efc828af0 Exception <a 'java/lang/NoSuchMethodError'{0x000000008fde3268}: 'java.lang.Object java.lang.invoke.DirectMethodHandle$Holder.invokeVirtual(java.lang.Object, java.lang.Object, java.lang.Object, java.lang.Object)'> (0x000000008fde3268) 
thrown [s\open\src\hotspot\share\interpreter\linkResolver.cpp, line 773]

ZGC Phase Switch (0 events):
No events

VM Operations (20 events):
Event: 3.208 Executing VM operation: CollectForMetadataAllocation (Metadata GC Threshold) done
Event: 3.223 Executing VM operation: G1PauseRemark
Event: 3.228 Executing VM operation: G1PauseRemark done
Event: 3.234 Executing VM operation: G1PauseCleanup
Event: 3.235 Executing VM operation: G1PauseCleanup done
Event: 3.377 Executing VM operation: HandshakeAllThreads (Deoptimize)
Event: 3.377 Executing VM operation: HandshakeAllThreads (Deoptimize) done
Event: 3.990 Executing VM operation: ICBufferFull
Event: 3.990 Executing VM operation: ICBufferFull done
Event: 4.231 Executing VM operation: G1CollectForAllocation (G1 Evacuation Pause)
Event: 4.243 Executing VM operation: G1CollectForAllocation (G1 Evacuation Pause) done
Event: 4.349 Executing VM operation: HandshakeAllThreads (Deoptimize)
Event: 4.349 Executing VM operation: HandshakeAllThreads (Deoptimize) done
Event: 4.558 Executing VM operation: HandshakeAllThreads (Deoptimize)
Event: 4.558 Executing VM operation: HandshakeAllThreads (Deoptimize) done
Event: 4.639 Executing VM operation: HandshakeAllThreads (Deoptimize)
Event: 4.639 Executing VM operation: HandshakeAllThreads (Deoptimize) done
Event: 5.317 Executing VM operation: ICBufferFull
Event: 5.317 Executing VM operation: ICBufferFull done
Event: 5.456 Executing VM operation: G1CollectForAllocation (G1 Evacuation Pause)

Events (20 events):
Event: 0.077 Thread 0x0000014ef7044010 Thread added: 0x0000014ef7044010
Event: 0.078 Thread 0x0000014ef704a430 Thread added: 0x0000014ef704a430
Event: 0.078 Thread 0x0000014ef704bab0 Thread added: 0x0000014ef704bab0
Event: 0.078 Thread 0x0000014ef7053c60 Thread added: 0x0000014ef7053c60
Event: 0.078 Thread 0x0000014ef7055840 Thread added: 0x0000014ef7055840
Event: 0.078 Thread 0x0000014ef705a7f0 Thread added: 0x0000014ef705a7f0
Event: 0.282 Thread 0x0000014ef72966c0 Thread added: 0x0000014ef72966c0
Event: 0.289 Thread 0x0000014ef72eacd0 Thread added: 0x0000014ef72eacd0
Event: 0.299 Thread 0x0000014ef72f7360 Thread added: 0x0000014ef72f7360
Event: 1.120 Thread 0x0000014ef7c88b00 Thread added: 0x0000014ef7c88b00
Event: 1.194 Thread 0x0000014ef7cbc120 Thread added: 0x0000014ef7cbc120
Event: 1.236 Thread 0x0000014efc5aa910 Thread added: 0x0000014efc5aa910
Event: 1.250 Thread 0x0000014efc5bc080 Thread added: 0x0000014efc5bc080
Event: 2.177 Thread 0x0000014efc7c13a0 Thread added: 0x0000014efc7c13a0
Event: 2.189 Thread 0x0000014efc7c13a0 Thread exited: 0x0000014efc7c13a0
Event: 2.379 Thread 0x0000014efc828af0 Thread added: 0x0000014efc828af0
Event: 3.160 Thread 0x0000014efccceca0 Thread added: 0x0000014efccceca0
Event: 3.179 Thread 0x0000014efcd4e180 Thread added: 0x0000014efcd4e180
Event: 3.337 Thread 0x0000014efccceca0 Thread exited: 0x0000014efccceca0
Event: 3.733 Thread 0x0000014efc828af0 Thread exited: 0x0000014efc828af0


Dynamic libraries:
0x00007ff7623b0000 - 0x00007ff7623c0000 	C:\Program Files\Java\jdk-21.0.12\bin\javaw.exe
0x00007ff9f6660000 - 0x00007ff9f68c7000 	C:\windows\SYSTEM32\ntdll.dll
0x00007ff9f5300000 - 0x00007ff9f53cb000 	C:\windows\System32\KERNEL32.DLL
0x00007ff9f3f70000 - 0x00007ff9f4372000 	C:\windows\System32\KERNELBASE.dll
0x00007ff9f3be0000 - 0x00007ff9f3d2c000 	C:\windows\System32\ucrtbase.dll
0x00007ff9c97d0000 - 0x00007ff9c97e9000 	C:\Program Files\Java\jdk-21.0.12\bin\jli.dll
0x00007ff9d8820000 - 0x00007ff9d883e000 	C:\Program Files\Java\jdk-21.0.12\bin\VCRUNTIME140.dll
0x00007ff9f5b70000 - 0x00007ff9f5c2c000 	C:\windows\System32\ADVAPI32.dll
0x00007ff9f5840000 - 0x00007ff9f58e9000 	C:\windows\System32\msvcrt.dll
0x00007ff9f49a0000 - 0x00007ff9f4a49000 	C:\windows\System32\sechost.dll
0x00007ff9f4380000 - 0x00007ff9f4498000 	C:\windows\System32\RPCRT4.dll
0x00007ff9f58f0000 - 0x00007ff9f5abf000 	C:\windows\System32\USER32.dll
0x00007ff9dd3f0000 - 0x00007ff9dd680000 	C:\windows\WinSxS\amd64_microsoft.windows.common-controls_6595b64144ccf1df_6.0.26100.9278_none_3e0d1ba8e3303201\COMCTL32.dll
0x00007ff9f3d40000 - 0x00007ff9f3d67000 	C:\windows\System32\win32u.dll
0x00007ff9f45b0000 - 0x00007ff9f45db000 	C:\windows\System32\GDI32.dll
0x00007ff9f3ab0000 - 0x00007ff9f3bd9000 	C:\windows\System32\gdi32full.dll
0x00007ff9f3e30000 - 0x00007ff9f3ed3000 	C:\windows\System32\msvcp_win.dll
0x00007ff9e2230000 - 0x00007ff9e223b000 	C:\windows\SYSTEM32\VERSION.dll
0x00007ff9f53d0000 - 0x00007ff9f5401000 	C:\windows\System32\IMM32.DLL
0x00007ff9d8810000 - 0x00007ff9d881c000 	C:\Program Files\Java\jdk-21.0.12\bin\vcruntime140_1.dll
0x00007ff9c3da0000 - 0x00007ff9c3e2d000 	C:\Program Files\Java\jdk-21.0.12\bin\msvcp140.dll
0x00007ff921800000 - 0x00007ff922528000 	C:\Program Files\Java\jdk-21.0.12\bin\server\jvm.dll
0x00007ff9f4a50000 - 0x00007ff9f4ad0000 	C:\windows\System32\WS2_32.dll
0x00007ff9f36c0000 - 0x00007ff9f371e000 	C:\windows\SYSTEM32\POWRPROF.dll
0x00007ff9e8d70000 - 0x00007ff9e8da6000 	C:\windows\SYSTEM32\WINMM.dll
0x00007ff9f36a0000 - 0x00007ff9f36b5000 	C:\windows\SYSTEM32\UMPDC.dll
0x00007ff9f2530000 - 0x00007ff9f254b000 	C:\windows\SYSTEM32\kernel.appcore.dll
0x00007ff9ca620000 - 0x00007ff9ca62a000 	C:\Program Files\Java\jdk-21.0.12\bin\jimage.dll
0x00007ff9f0d10000 - 0x00007ff9f0f5c000 	C:\windows\SYSTEM32\DBGHELP.DLL
0x00007ff9f4f70000 - 0x00007ff9f52f5000 	C:\windows\System32\combase.dll
0x00007ff9f4610000 - 0x00007ff9f46e9000 	C:\windows\System32\OLEAUT32.dll
0x00007ff9e3710000 - 0x00007ff9e374b000 	C:\windows\SYSTEM32\dbgcore.DLL
0x00007ff9f3d70000 - 0x00007ff9f3e1c000 	C:\windows\System32\bcryptPrimitives.dll
0x00007ff9ca5f0000 - 0x00007ff9ca611000 	C:\Program Files\Java\jdk-21.0.12\bin\java.dll
0x00007ff9f5c50000 - 0x00007ff9f63e8000 	C:\windows\System32\SHELL32.dll
0x00007ff9f12c0000 - 0x00007ff9f1b6e000 	C:\windows\SYSTEM32\windows.storage.dll
0x00007ff9f44a0000 - 0x00007ff9f459b000 	C:\windows\System32\SHCORE.dll
0x00007ff9f5ae0000 - 0x00007ff9f5b46000 	C:\windows\System32\shlwapi.dll
0x00007ff9f3780000 - 0x00007ff9f37a9000 	C:\windows\SYSTEM32\profapi.dll
0x00007ff9c9480000 - 0x00007ff9c9491000 	C:\Program Files\Java\jdk-21.0.12\bin\net.dll
0x00007ff9ed5d0000 - 0x00007ff9ed6fa000 	C:\windows\SYSTEM32\WINHTTP.dll
0x00007ff9f2af0000 - 0x00007ff9f2b5c000 	C:\windows\system32\mswsock.dll
0x00007ff9c9460000 - 0x00007ff9c9476000 	C:\Program Files\Java\jdk-21.0.12\bin\nio.dll
0x00007ff9c3d80000 - 0x00007ff9c3d98000 	C:\Program Files\Java\jdk-21.0.12\bin\zip.dll
0x00007ff9f1f70000 - 0x00007ff9f20c8000 	C:\windows\SYSTEM32\DNSAPI.dll
0x00007ff9f28f0000 - 0x00007ff9f28fd000 	C:\windows\SYSTEM32\DSPARSE.dll
0x00007ff9f1ee0000 - 0x00007ff9f1f13000 	C:\windows\SYSTEM32\IPHLPAPI.DLL
0x00007ff9f45a0000 - 0x00007ff9f45aa000 	C:\windows\System32\NSI.dll
0x00007ff9e8850000 - 0x00007ff9e885b000 	C:\Windows\System32\rasadhlp.dll
0x00007ff9edf60000 - 0x00007ff9edfe6000 	C:\windows\System32\fwpuclnt.dll
0x00007ff9bda70000 - 0x00007ff9bda7a000 	C:\Program Files\Java\jdk-21.0.12\bin\management.dll
0x00007ff9bda50000 - 0x00007ff9bda5c000 	C:\Program Files\Java\jdk-21.0.12\bin\management_ext.dll
0x00007ff9f5c40000 - 0x00007ff9f5c48000 	C:\windows\System32\PSAPI.DLL
0x00007ff9f2de0000 - 0x00007ff9f2dfb000 	C:\windows\SYSTEM32\CRYPTSP.dll
0x00007ff9f2490000 - 0x00007ff9f24c9000 	C:\windows\system32\rsaenh.dll
0x00007ff9f2ba0000 - 0x00007ff9f2bd4000 	C:\windows\SYSTEM32\USERENV.dll
0x00007ff9f3750000 - 0x00007ff9f377a000 	C:\windows\SYSTEM32\bcrypt.dll
0x00007ff9f2e00000 - 0x00007ff9f2e0c000 	C:\windows\SYSTEM32\CRYPTBASE.dll
0x00007ff9cbe70000 - 0x00007ff9cbe88000 	C:\windows\system32\napinsp.dll
0x00007ff9cbf20000 - 0x00007ff9cbf33000 	C:\windows\System32\winrnr.dll
0x00007ff9cbef0000 - 0x00007ff9cbf17000 	C:\windows\system32\nlansp_c.dll
0x00007ff9cbed0000 - 0x00007ff9cbee6000 	C:\windows\system32\wshbth.dll
0x00007ff9bd390000 - 0x00007ff9bd399000 	C:\Program Files\Java\jdk-21.0.12\bin\extnet.dll
0x00007ff9b74e0000 - 0x00007ff9b74ee000 	C:\Program Files\Java\jdk-21.0.12\bin\sunmscapi.dll
0x00007ff9f3860000 - 0x00007ff9f39de000 	C:\windows\System32\CRYPT32.dll
0x00007ff9f3020000 - 0x00007ff9f3050000 	C:\windows\SYSTEM32\ncrypt.dll
0x00007ff9f2fd0000 - 0x00007ff9f300f000 	C:\windows\SYSTEM32\NTASN1.dll

dbghelp: loaded successfully - version: 4.0.5 - missing functions: none
symbol engine: initialized successfully - sym options: 0x614 - pdb path: .;C:\Program Files\Java\jdk-21.0.12\bin;C:\windows\SYSTEM32;C:\windows\WinSxS\amd64_microsoft.windows.common-controls_6595b64144ccf1df_6.0.26100.9278_none_3e0d1ba8e3303201;C:\Program Files\Java\jdk-21.0.12\bin\server

VM Arguments:
jvm_args: -Dspring.jmx.enabled=true -Dmanagement.endpoints.jmx.exposure.include=* -Dspring.application.admin.enabled=true -Dspring.output.ansi.enabled=always -XX:TieredStopAtLevel=1 -Dspring.boot.project.name=review-service -Dfile.encoding=UTF-8 -Dstdout.encoding=UTF-8 -Dstderr.encoding=UTF-8 -XX:+ShowCodeDetailsInExceptionMessages 
java_command: com.greencarwash.review.ReviewServiceApplication
java_class_path (initial): C:\Users\ELCOT\Downloads\GreenCarWash_17_Microservices_Corrected_Java21\GreenCarWash\review-service\target\classes;C:\Users\ELCOT\.m2\repository\org\springframework\boot\spring-boot-starter-web\3.5.4\spring-boot-starter-web-3.5.4.jar;C:\Users\ELCOT\.m2\repository\org\springframework\boot\spring-boot-starter\3.5.4\spring-boot-starter-3.5.4.jar;C:\Users\ELCOT\.m2\repository\org\springframework\boot\spring-boot\3.5.4\spring-boot-3.5.4.jar;C:\Users\ELCOT\.m2\repository\org\springframework\boot\spring-boot-autoconfigure\3.5.4\spring-boot-autoconfigure-3.5.4.jar;C:\Users\ELCOT\.m2\repository\org\springframework\boot\spring-boot-starter-logging\3.5.4\spring-boot-starter-logging-3.5.4.jar;C:\Users\ELCOT\.m2\repository\ch\qos\logback\logback-classic\1.5.18\logback-classic-1.5.18.jar;C:\Users\ELCOT\.m2\repository\ch\qos\logback\logback-core\1.5.18\logback-core-1.5.18.jar;C:\Users\ELCOT\.m2\repository\org\apache\logging\log4j\log4j-to-slf4j\2.24.3\log4j-to-slf4j-2.24.3.jar;C:\Users\ELCOT\.m2\repository\org\apache\logging\log4j\log4j-api\2.24.3\log4j-api-2.24.3.jar;C:\Users\ELCOT\.m2\repository\org\slf4j\jul-to-slf4j\2.0.17\jul-to-slf4j-2.0.17.jar;C:\Users\ELCOT\.m2\repository\jakarta\annotation\jakarta.annotation-api\2.1.1\jakarta.annotation-api-2.1.1.jar;C:\Users\ELCOT\.m2\repository\org\yaml\snakeyaml\2.4\snakeyaml-2.4.jar;C:\Users\ELCOT\.m2\repository\org\springframework\boot\spring-boot-starter-json\3.5.4\spring-boot-starter-json-3.5.4.jar;C:\Users\ELCOT\.m2\repository\com\fasterxml\jackson\datatype\jackson-datatype-jdk8\2.19.2\jackson-datatype-jdk8-2.19.2.jar;C:\Users\ELCOT\.m2\repository\com\fasterxml\jackson\datatype\jackson-datatype-jsr310\2.19.2\jackson-datatype-jsr310-2.19.2.jar;C:\Users\ELCOT\.m2\repository\com\fasterxml\jackson\module\jackson-module-parameter-names\2.19.2\jackson-module-parameter-names-2.19.2.jar;C:\Users\ELCOT\.m2\repository\org\springframework\boot\spring-boot-starter-tomcat\3.5.4\spring-boot-starter-tomcat-3.5.4.jar;C:\Users\ELCOT\.m2\repository\org\apache\tomcat\embed\tomcat-embed-core\10.1.43\tomcat-embed-core-10.1.43.jar;C:\Users\ELCOT\.m2\repository\org\apache\tomcat\embed\tomcat-embed-websocket\10.1.43\tomcat-embed-websocket-10.1.43.jar;C:\Users\ELCOT\.m2\repository\org\springframework\spring-web\6.2.9\spring-web-6.2.9.jar;C:\Users\ELCOT\.m2\repository\org\springframework\spring-beans\6.2.9\spring-beans-6.2.9.jar;C:\Users\ELCOT\.m2\repository\org\springframework\spring-webmvc\6.2.9\spring-webmvc-6.2.9.jar;C:\Users\ELCOT\.m2\repository\org\springframework\spring-context\6.2.9\spring-context-6.2.9.jar;C:\Users\ELCOT\.m2\repository\org\springframework\spring-expression\6.2.9\spring-expression-6.2.9.jar;C:\Users\ELCOT\.m2\repository\org\springframework\boot\spring-boot-starter-data-jpa\3.5.4\spring-boot-starter-data-jpa-3.5.4.jar;C:\Users\ELCOT\.m2\repository\org\springframework\boot\spring-boot-starter-jdbc\3.5.4\spring-boot-starter-jdbc-3.5.4.jar;C:\Users\ELCOT\.m2\repository\com\zaxxer\HikariCP\6.3.1\HikariCP-6.3.1.jar;C:\Users\ELCOT\.m2\repository\org\springframework\spring-jdbc\6.2.9\spring-jdbc-6.2.9.jar;C:\Users\ELCOT\.m2\repository\org\hibernate\orm\hibernate-core\6.6.22.Final\hibernate-core-6.6.22.Final.jar;C:\Users\ELCOT\.m2\repository\jakarta\persistence\jakarta.persistence-api\3.1.0\jakarta.persistence-api-3.1.0.jar;C:\Users\ELCOT\.m2\repository\jakarta\transaction\jakarta.transaction-api\2.0.1\jakarta.transaction-api-2.0.1.jar;C:\Users\ELCOT\.m2\repository\org\jboss\logging\jboss-logging\3.6.1.Final\jboss-logging-3.6.1.Final.jar;C:\Users\ELCOT\.m2\repository\org\hibernate\common\hibernate-commons-annotations\7.0.3.Final\hibernate-commons-annotations-7.0.3.Final.jar;C:\Users\ELCOT\.m2\repository\io\smallrye\jandex\3.2.0\jandex-3.2.0.jar;C:\Users\ELCOT\.m2\repository\com\fasterxml\classmate\1.7.0\classmate-1.7.0.jar;C:\Users\ELCOT\.m2\repository\org\glassfish\jaxb\jaxb-runtime\4.0.5\jaxb-runtime-4.0.5.jar;C:\Users\ELCOT\.m2\repository\org\glassfish\jaxb\jaxb-core\4.0.5\jaxb-core-4.0.5.jar;C:\Users\ELCOT\.m2\repository\org\eclipse\angus\angus-activation\2.0.2\angus-activation-2.0.2.jar;C:\Users\ELCOT\.m2\repository\org\glassfish\jaxb\txw2\4.0.5\txw2-4.0.5.jar;C:\Users\ELCOT\.m2\repository\com\sun\istack\istack-commons-runtime\4.1.2\istack-commons-runtime-4.1.2.jar;C:\Users\ELCOT\.m2\repository\jakarta\inject\jakarta.inject-api\2.0.1\jakarta.inject-api-2.0.1.jar;C:\Users\ELCOT\.m2\repository\org\antlr\antlr4-runtime\4.13.0\antlr4-runtime-4.13.0.jar;C:\Users\ELCOT\.m2\repository\org\springframework\data\spring-data-jpa\3.5.2\spring-data-jpa-3.5.2.jar;C:\Users\ELCOT\.m2\repository\org\springframework\data\spring-data-commons\3.5.2\spring-data-commons-3.5.2.jar;C:\Users\ELCOT\.m2\repository\org\springframework\spring-orm\6.2.9\spring-orm-6.2.9.jar;C:\Users\ELCOT\.m2\repository\org\springframework\spring-tx\6.2.9\spring-tx-6.2.9.jar;C:\Users\ELCOT\.m2\repository\org\springframework\spring-aspects\6.2.9\spring-aspects-6.2.9.jar;C:\Users\ELCOT\.m2\repository\org\aspectj\aspectjweaver\1.9.24\aspectjweaver-1.9.24.jar;C:\Users\ELCOT\.m2\repository\org\springframework\boot\spring-boot-starter-validation\3.5.4\spring-boot-starter-validation-3.5.4.jar;C:\Users\ELCOT\.m2\repository\org\apache\tomcat\embed\tomcat-embed-el\10.1.43\tomcat-embed-el-10.1.43.jar;C:\Users\ELCOT\.m2\repository\org\hibernate\validator\hibernate-validator\8.0.2.Final\hibernate-validator-8.0.2.Final.jar;C:\Users\ELCOT\.m2\repository\jakarta\validation\jakarta.validation-api\3.0.2\jakarta.validation-api-3.0.2.jar;C:\Users\ELCOT\.m2\repository\org\springframework\boot\spring-boot-starter-security\3.5.4\spring-boot-starter-security-3.5.4.jar;C:\Users\ELCOT\.m2\repository\org\springframework\spring-aop\6.2.9\spring-aop-6.2.9.jar;C:\Users\ELCOT\.m2\repository\org\springframework\security\spring-security-config\6.5.2\spring-security-config-6.5.2.jar;C:\Users\ELCOT\.m2\repository\org\springframework\security\spring-security-core\6.5.2\spring-security-core-6.5.2.jar;C:\Users\ELCOT\.m2\repository\org\springframework\security\spring-security-crypto\6.5.2\spring-security-crypto-6.5.2.jar;C:\Users\ELCOT\.m2\repository\org\springframework\security\spring-security-web\6.5.2\spring-security-web-6.5.2.jar;C:\Users\ELCOT\.m2\repository\org\springframework\boot\spring-boot-starter-amqp\3.5.4\spring-boot-starter-amqp-3.5.4.jar;C:\Users\ELCOT\.m2\repository\org\springframework\spring-messaging\6.2.9\spring-messaging-6.2.9.jar;C:\Users\ELCOT\.m2\repository\org\springframework\amqp\spring-rabbit\3.2.6\spring-rabbit-3.2.6.jar;C:\Users\ELCOT\.m2\repository\org\springframework\amqp\spring-amqp\3.2.6\spring-amqp-3.2.6.jar;C:\Users\ELCOT\.m2\repository\org\springframework\retry\spring-retry\2.0.12\spring-retry-2.0.12.jar;C:\Users\ELCOT\.m2\repository\com\rabbitmq\amqp-client\5.25.0\amqp-client-5.25.0.jar;C:\Users\ELCOT\.m2\repository\org\springframework\boot\spring-boot-starter-actuator\3.5.4\spring-boot-starter-actuator-3.5.4.jar;C:\Users\ELCOT\.m2\repository\org\springframework\boot\spring-boot-actuator-autoconfigure\3.5.4\spring-boot-actuator-autoconfigure-3.5.4.jar;C:\Users\ELCOT\.m2\repository\org\springframework\boot\spring-boot-actuator\3.5.4\spring-boot-actuator-3.5.4.jar;C:\Users\ELCOT\.m2\repository\io\micrometer\micrometer-observation\1.15.2\micrometer-observation-1.15.2.jar;C:\Users\ELCOT\.m2\repository\io\micrometer\micrometer-commons\1.15.2\micrometer-commons-1.15.2.jar;C:\Users\ELCOT\.m2\repository\io\micrometer\micrometer-jakarta9\1.15.2\micrometer-jakarta9-1.15.2.jar;C:\Users\ELCOT\.m2\repository\io\micrometer\micrometer-core\1.15.2\micrometer-core-1.15.2.jar;C:\Users\ELCOT\.m2\repository\org\hdrhistogram\HdrHistogram\2.2.2\HdrHistogram-2.2.2.jar;C:\Users\ELCOT\.m2\repository\org\latencyutils\LatencyUtils\2.0.3\LatencyUtils-2.0.3.jar;C:\Users\ELCOT\.m2\repository\org\springdoc\springdoc-openapi-starter-webmvc-ui\2.8.13\springdoc-openapi-starter-webmvc-ui-2.8.13.jar;C:\Users\ELCOT\.m2\repository\org\springdoc\springdoc-openapi-starter-webmvc-api\2.8.13\springdoc-openapi-starter-webmvc-api-2.8.13.jar;C:\Users\ELCOT\.m2\repository\org\springdoc\springdoc-openapi-starter-common\2.8.13\springdoc-openapi-starter-common-2.8.13.jar;C:\Users\ELCOT\.m2\repository\io\swagger\core\v3\swagger-core-jakarta\2.2.36\swagger-core-jakarta-2.2.36.jar;C:\Users\ELCOT\.m2\repository\org\apache\commons\commons-lang3\3.17.0\commons-lang3-3.17.0.jar;C:\Users\ELCOT\.m2\repository\io\swagger\core\v3\swagger-annotations-jakarta\2.2.36\swagger-annotations-jakarta-2.2.36.jar;C:\Users\ELCOT\.m2\repository\io\swagger\core\v3\swagger-models-jakarta\2.2.36\swagger-models-jakarta-2.2.36.jar;C:\Users\ELCOT\.m2\repository\com\fasterxml\jackson\dataformat\jackson-dataformat-yaml\2.19.2\jackson-dataformat-yaml-2.19.2.jar;C:\Users\ELCOT\.m2\repository\org\webjars\swagger-ui\5.28.1\swagger-ui-5.28.1.jar;C:\Users\ELCOT\.m2\repository\org\webjars\webjars-locator-lite\1.1.0\webjars-locator-lite-1.1.0.jar;C:\Users\ELCOT\.m2\repository\org\jspecify\jspecify\1.0.0\jspecify-1.0.0.jar;C:\Users\ELCOT\.m2\repository\io\github\resilience4j\resilience4j-spring6\2.3.0\resilience4j-spring6-2.3.0.jar;C:\Users\ELCOT\.m2\repository\io\github\resilience4j\resilience4j-annotations\2.2.0\resilience4j-annotations-2.2.0.jar;C:\Users\ELCOT\.m2\repository\io\github\resilience4j\resilience4j-consumer\2.2.0\resilience4j-consumer-2.2.0.jar;C:\Users\ELCOT\.m2\repository\io\github\resilience4j\resilience4j-core\2.2.0\resilience4j-core-2.2.0.jar;C:\Users\ELCOT\.m2\repository\io\github\resilience4j\resilience4j-circularbuffer\2.2.0\resilience4j-circularbuffer-2.2.0.jar;C:\Users\ELCOT\.m2\repository\io\github\resilience4j\resilience4j-framework-common\2.3.0\resilience4j-framework-common-2.3.0.jar;C:\Users\ELCOT\.m2\repository\io\github\resilience4j\resilience4j-circuitbreaker\2.2.0\resilience4j-circuitbreaker-2.2.0.jar;C:\Users\ELCOT\.m2\repository\io\github\resilience4j\resilience4j-ratelimiter\2.2.0\resilience4j-ratelimiter-2.2.0.jar;C:\Users\ELCOT\.m2\repository\io\github\resilience4j\resilience4j-retry\2.2.0\resilience4j-retry-2.2.0.jar;C:\Users\ELCOT\.m2\repository\io\github\resilience4j\resilience4j-bulkhead\2.2.0\resilience4j-bulkhead-2.2.0.jar;C:\Users\ELCOT\.m2\repository\io\github\resilience4j\resilience4j-timelimiter\2.2.0\resilience4j-timelimiter-2.2.0.jar;C:\Users\ELCOT\.m2\repository\io\github\resilience4j\resilience4j-micrometer\2.2.0\resilience4j-micrometer-2.2.0.jar;C:\Users\ELCOT\.m2\repository\org\slf4j\slf4j-api\2.0.17\slf4j-api-2.0.17.jar;C:\Users\ELCOT\.m2\repository\com\mysql\mysql-connector-j\9.3.0\mysql-connector-j-9.3.0.jar;C:\Users\ELCOT\.m2\repository\io\jsonwebtoken\jjwt-api\0.12.6\jjwt-api-0.12.6.jar;C:\Users\ELCOT\.m2\repository\io\jsonwebtoken\jjwt-impl\0.12.6\jjwt-impl-0.12.6.jar;C:\Users\ELCOT\.m2\repository\io\jsonwebtoken\jjwt-jackson\0.12.6\jjwt-jackson-0.12.6.jar;C:\Users\ELCOT\.m2\repository\com\fasterxml\jackson\core\jackson-databind\2.19.2\jackson-databind-2.19.2.jar;C:\Users\ELCOT\.m2\repository\com\fasterxml\jackson\core\jackson-annotations\2.19.2\jackson-annotations-2.19.2.jar;C:\Users\ELCOT\.m2\repository\com\fasterxml\jackson\core\jackson-core\2.19.2\jackson-core-2.19.2.jar;C:\Users\ELCOT\.m2\repository\org\springframework\cloud\spring-cloud-starter-netflix-eureka-client\4.3.0\spring-cloud-starter-netflix-eureka-client-4.3.0.jar;C:\Users\ELCOT\.m2\repository\org\springframework\cloud\spring-cloud-starter\4.3.0\spring-cloud-starter-4.3.0.jar;C:\Users\ELCOT\.m2\repository\org\springframework\cloud\spring-cloud-context\4.3.0\spring-cloud-context-4.3.0.jar;C:\Users\ELCOT\.m2\repository\org\springframework\cloud\spring-cloud-commons\4.3.0\spring-cloud-commons-4.3.0.jar;C:\Users\ELCOT\.m2\repository\org\bouncycastle\bcprov-jdk18on\1.80\bcprov-jdk18on-1.80.jar;C:\Users\ELCOT\.m2\repository\org\springframework\cloud\spring-cloud-netflix-eureka-client\4.3.0\spring-cloud-netflix-eureka-client-4.3.0.jar;C:\Users\ELCOT\.m2\repository\org\apache\httpcomponents\client5\httpclient5\5.5\httpclient5-5.5.jar;C:\Users\ELCOT\.m2\repository\org\apache\httpcomponents\core5\httpcore5\5.3.4\httpcore5-5.3.4.jar;C:\Users\ELCOT\.m2\repository\org\apache\httpcomponents\core5\httpcore5-h2\5.3.4\httpcore5-h2-5.3.4.jar;C:\Users\ELCOT\.m2\repository\com\netflix\eureka\eureka-client\2.0.4\eureka-client-2.0.4.jar;C:\Users\ELCOT\.m2\repository\com\thoughtworks\xstream\xstream\1.4.20\xstream-1.4.20.jar;C:\Users\ELCOT\.m2\repository\io\github\x-stream\mxparser\1.2.2\mxparser-1.2.2.jar;C:\Users\ELCOT\.m2\repository\xmlpull\xmlpull\1.1.3.1\xmlpull-1.1.3.1.jar;C:\Users\ELCOT\.m2\repository\jakarta\ws\rs\jakarta.ws.rs-api\3.1.0\jakarta.ws.rs-api-3.1.0.jar;C:\Users\ELCOT\.m2\repository\com\netflix\spectator\spectator-api\1.7.3\spectator-api-1.7.3.jar;C:\Users\ELCOT\.m2\repository\org\apache\httpcomponents\httpclient\4.5.3\httpclient-4.5.3.jar;C:\Users\ELCOT\.m2\repository\org\apache\httpcomponents\httpcore\4.4.16\httpcore-4.4.16.jar;C:\Users\ELCOT\.m2\repository\commons-codec\commons-codec\1.18.0\commons-codec-1.18.0.jar;C:\Users\ELCOT\.m2\repository\commons-configuration\commons-configuration\1.10\commons-configuration-1.10.jar;C:\Users\ELCOT\.m2\repository\commons-lang\commons-lang\2.6\commons-lang-2.6.jar;C:\Users\ELCOT\.m2\repository\com\netflix\netflix-commons\netflix-eventbus\0.3.0\netflix-eventbus-0.3.0.jar;C:\Users\ELCOT\.m2\repository\com\netflix\netflix-commons\netflix-infix\0.3.0\netflix-infix-0.3.0.jar;C:\Users\ELCOT\.m2\repository\commons-jxpath\commons-jxpath\1.3\commons-jxpath-1.3.jar;C:\Users\ELCOT\.m2\repository\joda-time\joda-time\2.3\joda-time-2.3.jar;C:\Users\ELCOT\.m2\repository\org\antlr\antlr-runtime\3.4\antlr-runtime-3.4.jar;C:\Users\ELCOT\.m2\repository\org\antlr\stringtemplate\3.2.1\stringtemplate-3.2.1.jar;C:\Users\ELCOT\.m2\repository\antlr\antlr\2.7.7\antlr-2.7.7.jar;C:\Users\ELCOT\.m2\repository\com\google\guava\guava\14.0.1\guava-14.0.1.jar;C:\Users\ELCOT\.m2\repository\com\google\code\gson\gson\2.13.1\gson-2.13.1.jar;C:\Users\ELCOT\.m2\repository\com\google\errorprone\error_prone_annotations\2.38.0\error_prone_annotations-2.38.0.jar;C:\Users\ELCOT\.m2\repository\com\netflix\servo\servo-core\0.5.3\servo-core-0.5.3.jar;C:\Users\ELCOT\.m2\repository\org\apache\commons\commons-math\2.2\commons-math-2.2.jar;C:\Users\ELCOT\.m2\repository\javax\annotation\javax.annotation-api\1.2\javax.annotation-api-1.2.jar;C:\Users\ELCOT\.m2\repository\org\codehaus\jettison\jettison\1.5.4\jettison-1.5.4.jar;C:\Users\ELCOT\.m2\repository\org\springframework\cloud\spring-cloud-starter-loadbalancer\4.3.0\spring-cloud-starter-loadbalancer-4.3.0.jar;C:\Users\ELCOT\.m2\repository\org\springframework\cloud\spring-cloud-loadbalancer\4.3.0\spring-cloud-loadbalancer-4.3.0.jar;C:\Users\ELCOT\.m2\repository\io\projectreactor\reactor-core\3.7.8\reactor-core-3.7.8.jar;C:\Users\ELCOT\.m2\repository\org\reactivestreams\reactive-streams\1.0.4\reactive-streams-1.0.4.jar;C:\Users\ELCOT\.m2\repository\io\projectreactor\addons\reactor-extra\3.5.2\reactor-extra-3.5.2.jar;C:\Users\ELCOT\.m2\repository\org\springframework\boot\spring-boot-starter-cache\3.5.4\spring-boot-starter-cache-3.5.4.jar;C:\Users\ELCOT\.m2\repository\org\springframework\spring-context-support\6.2.9\spring-context-support-6.2.9.jar;C:\Users\ELCOT\.m2\repository\com\stoyanr\evictor\1.0.0\evictor-1.0.0.jar;C:\Users\ELCOT\.m2\repository\jakarta\xml\bind\jakarta.xml.bind-api\4.0.2\jakarta.xml.bind-api-4.0.2.jar;C:\Users\ELCOT\.m2\repository\jakarta\activation\jakarta.activation-api\2.1.3\jakarta.activation-api-2.1.3.jar;C:\Users\ELCOT\.m2\repository\org\springframework\spring-core\6.2.9\spring-core-6.2.9.jar;C:\Users\ELCOT\.m2\repository\org\springframework\spring-jcl\6.2.9\spring-jcl-6.2.9.jar;C:\Users\ELCOT\.m2\repository\net\bytebuddy\byte-buddy\1.17.6\byte-buddy-1.17.6.jar
Launcher Type: SUN_STANDARD

[Global flags]
     intx CICompilerCount                          = 4                                         {product} {ergonomic}
     uint ConcGCThreads                            = 2                                         {product} {ergonomic}
     uint G1ConcRefinementThreads                  = 8                                         {product} {ergonomic}
   size_t G1HeapRegionSize                         = 1048576                                   {product} {ergonomic}
    uintx GCDrainStackTargetSize                   = 64                                        {product} {ergonomic}
   size_t InitialHeapSize                          = 121634816                                 {product} {ergonomic}
   size_t MarkStackSize                            = 4194304                                   {product} {ergonomic}
   size_t MaxHeapSize                              = 1935671296                                {product} {ergonomic}
   size_t MaxNewSize                               = 1160773632                                {product} {ergonomic}
   size_t MinHeapDeltaBytes                        = 1048576                                   {product} {ergonomic}
   size_t MinHeapSize                              = 8388608                                   {product} {ergonomic}
    uintx NonNMethodCodeHeapSize                   = 4096                                   {pd product} {ergonomic}
    uintx NonProfiledCodeHeapSize                  = 0                                      {pd product} {ergonomic}
     bool ProfileInterpreter                       = false                                  {pd product} {command line}
    uintx ProfiledCodeHeapSize                     = 0                                      {pd product} {ergonomic}
     bool ShowCodeDetailsInExceptionMessages       = true                                   {manageable} {command line}
   size_t SoftMaxHeapSize                          = 1935671296                             {manageable} {ergonomic}
     intx TieredStopAtLevel                        = 1                                         {product} {command line}
     bool UseCompressedOops                        = true                           {product lp64_product} {ergonomic}
     bool UseG1GC                                  = true                                      {product} {ergonomic}
     bool UseLargePagesIndividualAllocation        = false                                  {pd product} {ergonomic}

Logging:
Log output configuration:
 #0: stdout all=warning uptime,level,tags foldmultilines=false
 #1: stderr all=off uptime,level,tags foldmultilines=false

Environment Variables:
JAVA_HOME=C:\Program Files\Java\jdk-21.0.12
PATH=C:/SpringTools/sts-5.3.0.RELEASE//plugins/org.eclipse.justj.openjdk.hotspot.jre.full.win32.x86_64_25.0.3.v20260715-1121/jre/bin/server;C:/SpringTools/sts-5.3.0.RELEASE//plugins/org.eclipse.justj.openjdk.hotspot.jre.full.win32.x86_64_25.0.3.v20260715-1121/jre/bin;C:\Program Files\Common Files\Oracle\Java\javapath;C:\windows\system32;C:\windows;C:\windows\System32\Wbem;C:\windows\System32\WindowsPowerShell\v1.0\;C:\windows\System32\OpenSSH\;C:\Program Files\dotnet\;C:\Program Files\Git\cmd;C:\Program Files\Apache\Maven\apache-maven-3.9.16\bin;C:\Program Files\Java\jdk-21.0.12\bin;C:\Program Files\nodejs\;C:\Program Files\MySQL\MySQL Shell 8.0\bin\;C:\Users\ELCOT\AppData\Local\Microsoft\WindowsApps;C:\Users\ELCOT\AppData\Local\Programs\Microsoft VS Code\bin;C:\Users\ELCOT\AppData\Local\Programs\DockerDesktop\resources\bin;C:\Users\ELCOT\AppData\Roaming\npm;C:\SpringTools\sts-5.3.0.RELEASE;
USERNAME=ELCOT
OS=Windows_NT
PROCESSOR_IDENTIFIER=AMD64 Family 23 Model 160 Stepping 0, AuthenticAMD
TMP=C:\Users\ELCOT\AppData\Local\Temp
TEMP=C:\Users\ELCOT\AppData\Local\Temp




Periodic native trim disabled

---------------  S Y S T E M  ---------------

OS:
 Windows 11 , 64 bit Build 26100 (10.0.26100.9444)
OS uptime: 0 days 0:47 hours
Hyper-V role detected

CPU: total 8 (initial active 8) (8 cores per cpu, 2 threads per core) family 23 model 160 stepping 0 microcode 0x8a0000b, cx8, cmov, fxsr, ht, mmx, 3dnowpref, sse, sse2, sse3, ssse3, sse4a, sse4.1, sse4.2, popcnt, lzcnt, tsc, tscinvbit, avx, avx2, aes, clmul, bmi1, bmi2, adx, sha, fma, vzeroupper, clflush, clflushopt, hv, rdtscp, rdpid, f16c
Processor Information for all 8 processors :
  Max Mhz: 2401, Current Mhz: 2401, Mhz Limit: 2401

Memory: 4k page, system-wide physical 7379M (319M free)
TotalPageFile size 24033M (AvailPageFile size 10M)
current process WorkingSet (physical memory assigned to process): 177M, peak: 177M
current process commit charge ("private bytes"): 219M, peak: 239M

vm_info: Java HotSpot(TM) 64-Bit Server VM (21.0.12+7-LTS-205) for windows-amd64 JRE (21.0.12+7-LTS-205), built on 2026-06-02T04:23:32Z by "mach5run" with MS VC++ 17.13 (VS2022)

END.
